Input File: normal.txt
Target Time: 20.000000

======== Legend =========
(type of collisions)
0: left, 1: right, 2: lower, 3: upper


======== Initial Particles =========
particle id: (xpos, ypos) (xvel, yvel): last_update : (cwall, cpart)
particle 0: (5.000000, 6.000000) (-0.090000, -0.380000): 0.000000 : (0, 0)
particle 1: (3.000000, 2.000000) (0.150000, 0.100000): 0.000000 : (0, 0)
particle 2: (6.000000, 1.000000) (-0.200000, 0.150000): 0.000000 : (0, 0)
particle 3: (13.000000, 12.000000) (0.400000, -0.100000): 0.000000 : (0, 0)
particle 4: (10.000000, 8.000000) (-0.150000, 0.150000): 0.000000 : (0, 0)

======== Collisions =========
time: part1, part2 / type
2.750000: 3, 1, (wall)
3.374136: 1, 2, (particle)
4.606553: 0, 1, (particle)
5.725581: 0, 2, (particle)
13.157895: 0, 2, (wall)
25.000000: 2, 0, (wall)
28.000000: 4, 3, (wall)
74.000000: 1, 1, (wall)
MAX: 0, 3, (particle)
MAX: 0, 4, (particle)
MAX: 1, 3, (particle)
MAX: 1, 4, (particle)
MAX: 2, 3, (particle)
MAX: 2, 4, (particle)
MAX: 3, 4, (particle)



                 TIME = 2.750000

======== Particles =========
particle id: (xpos, ypos) (xvel, yvel): last_update : (cwall, cpart)
particle 0: (5.000000, 6.000000) (-0.090000, -0.380000): 0.000000 : (0, 0)
particle 1: (3.000000, 2.000000) (0.150000, 0.100000): 0.000000 : (0, 0)
particle 2: (6.000000, 1.000000) (-0.200000, 0.150000): 0.000000 : (0, 0)
particle 3: (14.100000, 11.725000) (-0.400000, -0.100000): 2.750000 : (1, 0)
particle 4: (10.000000, 8.000000) (-0.150000, 0.150000): 0.000000 : (0, 0)

======== Collisions =========
time: part1, part2 / type
3.374136: 1, 2, (particle)
4.606553: 0, 1, (particle)
5.725581: 0, 2, (particle)
13.157895: 0, 2, (wall)
13.277501: 3, 4, (particle)
25.000000: 2, 0, (wall)
28.000000: 4, 3, (wall)
35.500000: 3, 0, (wall)
38.610190: 2, 3, (particle)
74.000000: 1, 1, (wall)
MAX: 0, 3, (particle)
MAX: 0, 4, (particle)
MAX: 1, 3, (particle)
MAX: 1, 4, (particle)
MAX: 2, 4, (particle)



                 TIME = 3.374136

======== Particles =========
particle id: (xpos, ypos) (xvel, yvel): last_update : (cwall, cpart)
particle 0: (5.000000, 6.000000) (-0.090000, -0.380000): 0.000000 : (0, 0)
particle 1: (3.506120, 2.337414) (-0.200000, 0.150000): 3.374136 : (0, 1)
particle 2: (5.325173, 1.506120) (0.150000, 0.100000): 3.374136 : (0, 1)
particle 3: (14.100000, 11.725000) (-0.400000, -0.100000): 2.750000 : (1, 0)
particle 4: (10.000000, 8.000000) (-0.150000, 0.150000): 0.000000 : (0, 0)

======== Collisions =========
time: part1, part2 / type
5.142699: 0, 1, (particle)
8.072557: 0, 2, (particle)
13.157895: 0, 2, (wall)
13.277501: 3, 4, (particle)
15.904738: 1, 0, (wall)
28.000000: 4, 3, (wall)
35.500000: 3, 0, (wall)
61.872984: 2, 1, (wall)
MAX: 1, 2, (particle)
MAX: 2, 3, (particle)
MAX: 0, 3, (particle)
MAX: 0, 4, (particle)
MAX: 1, 3, (particle)
MAX: 1, 4, (particle)
MAX: 2, 4, (particle)



                 TIME = 5.142699

======== Particles =========
particle id: (xpos, ypos) (xvel, yvel): last_update : (cwall, cpart)
particle 0: (4.537157, 4.045774) (-0.200000, 0.150000): 5.142699 : (0, 1)
particle 1: (3.152408, 2.602698) (-0.090000, -0.380000): 5.142699 : (0, 2)
particle 2: (5.325173, 1.506120) (0.150000, 0.100000): 3.374136 : (0, 1)
particle 3: (14.100000, 11.725000) (-0.400000, -0.100000): 2.750000 : (1, 0)
particle 4: (10.000000, 8.000000) (-0.150000, 0.150000): 0.000000 : (0, 0)

======== Collisions =========
time: part1, part2 / type
9.360325: 1, 2, (wall)
13.277501: 3, 4, (particle)
22.828484: 0, 0, (wall)
28.000000: 4, 3, (wall)
35.500000: 3, 0, (wall)
61.872984: 2, 1, (wall)
MAX: 0, 1, (particle)
MAX: 0, 2, (particle)
MAX: 1, 2, (particle)
MAX: 2, 3, (particle)
MAX: 0, 3, (particle)
MAX: 0, 4, (particle)
MAX: 1, 3, (particle)
MAX: 1, 4, (particle)
MAX: 2, 4, (particle)



                 TIME = 9.360325

======== Particles =========
particle id: (xpos, ypos) (xvel, yvel): last_update : (cwall, cpart)
particle 0: (4.537157, 4.045774) (-0.200000, 0.150000): 5.142699 : (0, 1)
particle 1: (2.772821, 1.000000) (-0.090000, 0.380000): 9.360325 : (1, 2)
particle 2: (5.325173, 1.506120) (0.150000, 0.100000): 3.374136 : (0, 1)
particle 3: (14.100000, 11.725000) (-0.400000, -0.100000): 2.750000 : (1, 0)
particle 4: (10.000000, 8.000000) (-0.150000, 0.150000): 0.000000 : (0, 0)

======== Collisions =========
time: part1, part2 / type
13.277501: 3, 4, (particle)
16.672553: 0, 1, (particle)
22.828484: 0, 0, (wall)
28.000000: 4, 3, (wall)
29.058341: 1, 0, (wall)
31.004397: 1, 3, (particle)
35.500000: 3, 0, (wall)
61.872984: 2, 1, (wall)
MAX: 0, 2, (particle)
MAX: 1, 2, (particle)
MAX: 2, 3, (particle)
MAX: 0, 3, (particle)
MAX: 0, 4, (particle)
MAX: 1, 4, (particle)
MAX: 2, 4, (particle)



                 TIME = 13.277501

======== Particles =========
particle id: (xpos, ypos) (xvel, yvel): last_update : (cwall, cpart)
particle 0: (4.537157, 4.045774) (-0.200000, 0.150000): 5.142699 : (0, 1)
particle 1: (2.772821, 1.000000) (-0.090000, 0.380000): 9.360325 : (1, 2)
particle 2: (5.325173, 1.506120) (0.150000, 0.100000): 3.374136 : (0, 1)
particle 3: (9.889000, 10.672250) (-0.150000, 0.150000): 13.277501 : (1, 1)
particle 4: (8.008375, 9.991625) (-0.400000, -0.100000): 13.277501 : (0, 1)

======== Collisions =========
time: part1, part2 / type
16.672553: 0, 1, (particle)
22.828484: 0, 0, (wall)
23.462501: 3, 3, (wall)
26.288117: 1, 4, (particle)
29.058341: 1, 0, (wall)
29.394263: 0, 4, (particle)
30.798438: 4, 0, (wall)
61.872984: 2, 1, (wall)
MAX: 3, 4, (particle)
MAX: 1, 3, (particle)
MAX: 0, 2, (particle)
MAX: 1, 2, (particle)
MAX: 2, 3, (particle)
MAX: 0, 3, (particle)
MAX: 2, 4, (particle)



                 TIME = 16.672553

======== Particles =========
particle id: (xpos, ypos) (xvel, yvel): last_update : (cwall, cpart)
particle 0: (2.231186, 5.775252) (-0.090000, 0.380000): 16.672553 : (0, 2)
particle 1: (2.114721, 3.778646) (-0.200000, 0.150000): 16.672553 : (1, 3)
particle 2: (5.325173, 1.506120) (0.150000, 0.100000): 3.374136 : (0, 1)
particle 3: (9.889000, 10.672250) (-0.150000, 0.150000): 13.277501 : (1, 1)
particle 4: (8.008375, 9.991625) (-0.400000, -0.100000): 13.277501 : (0, 1)

======== Collisions =========
time: part1, part2 / type
22.246158: 1, 0, (wall)
23.462501: 3, 3, (wall)
24.488934: 0, 4, (particle)
30.352401: 0, 0, (wall)
30.798438: 4, 0, (wall)
33.613849: 1, 4, (particle)
61.872984: 2, 1, (wall)
MAX: 0, 1, (particle)
MAX: 3, 4, (particle)
MAX: 1, 3, (particle)
MAX: 0, 2, (particle)
MAX: 1, 2, (particle)
MAX: 2, 3, (particle)
MAX: 0, 3, (particle)
MAX: 2, 4, (particle)

======== Final Particles =========
particle id: (xpos, ypos) (xvel, yvel): last_update : (cwall, cpart)
particle 0: (1.931716, 7.039682) (-0.090000, 0.380000): 20.000000 : (0, 2)
particle 1: (1.449232, 4.277764) (-0.200000, 0.150000): 20.000000 : (1, 3)
particle 2: (7.819052, 3.168707) (0.150000, 0.100000): 20.000000 : (0, 1)
particle 3: (8.880625, 11.680625) (-0.150000, 0.150000): 20.000000 : (1, 1)
particle 4: (5.319375, 9.319375) (-0.400000, -0.100000): 20.000000 : (0, 1)

