1.931716, 7.039682, 0, 2
1.449232, 4.277764, 1, 3
7.819052, 3.168707, 0, 1
8.880625, 11.680625, 1, 1
5.319375, 9.319375, 0, 1
