Input File: particles_partpartonly.txt
Target Time: 18.000000

======== Legend =========
(type of collisions)
0: left, 1: right, 2: lower, 3: upper


======== Initial Particles =========
particle id: (xpos, ypos) (xvel, yvel): last_update : (cwall, cpart)
particle 0: (2.000000, 2.000000) (0.250000, 0.240000): 0.000000 : (0, 0)
particle 1: (1.500000, 12.000000) (0.400000, 0.050000): 0.000000 : (0, 0)
particle 2: (2.500000, 19.000000) (0.300000, -0.310000): 0.000000 : (0, 0)
particle 3: (19.000000, 18.000000) (-0.220000, -0.250000): 0.000000 : (0, 0)
particle 4: (18.000000, 1.000000) (-0.220000, 0.240000): 0.000000 : (0, 0)
particle 5: (17.000000, 11.000000) (-0.300000, 0.040000): 0.000000 : (0, 0)
particle 6: (10.500000, 18.500000) (-0.020000, -0.330000): 0.000000 : (0, 0)
particle 7: (11.500000, 2.000000) (0.030000, 0.400000): 0.000000 : (0, 0)

======== Collisions =========
time: part1, part2 / type
14.001202: 1, 2, (particle)
16.682084: 1, 6, (particle)
17.271454: 5, 6, (particle)
19.399827: 2, 6, (particle)
19.855597: 1, 5, (particle)
21.011908: 2, 5, (particle)
23.074875: 3, 7, (particle)
23.905940: 1, 7, (particle)
26.396116: 0, 6, (particle)
28.118731: 2, 3, (particle)
28.907073: 4, 6, (particle)
29.145251: 2, 4, (particle)
30.357339: 0, 4, (particle)
31.159080: 3, 4, (particle)
31.974169: 0, 3, (particle)
42.500000: 7, 3, (wall)
43.750000: 1, 1, (wall)
53.030303: 6, 2, (wall)
53.333333: 5, 0, (wall)
55.000000: 2, 1, (wall)
68.000000: 0, 1, (wall)
68.000000: 3, 2, (wall)
75.000000: 4, 3, (wall)
MAX: 0, 1, (particle)
MAX: 0, 2, (particle)
MAX: 0, 5, (particle)
MAX: 0, 7, (particle)
MAX: 1, 3, (particle)
MAX: 1, 4, (particle)
MAX: 2, 7, (particle)
MAX: 3, 5, (particle)
MAX: 3, 6, (particle)
MAX: 4, 5, (particle)
MAX: 4, 7, (particle)
MAX: 5, 7, (particle)
MAX: 6, 7, (particle)



                 TIME = 14.001202

======== Particles =========
particle id: (xpos, ypos) (xvel, yvel): last_update : (cwall, cpart)
particle 0: (2.000000, 2.000000) (0.250000, 0.240000): 0.000000 : (0, 0)
particle 1: (7.100481, 12.700060) (0.300000, -0.310000): 14.001202 : (0, 1)
particle 2: (6.700361, 14.659627) (0.400000, 0.050000): 14.001202 : (0, 1)
particle 3: (19.000000, 18.000000) (-0.220000, -0.250000): 0.000000 : (0, 0)
particle 4: (18.000000, 1.000000) (-0.220000, 0.240000): 0.000000 : (0, 0)
particle 5: (17.000000, 11.000000) (-0.300000, 0.040000): 0.000000 : (0, 0)
particle 6: (10.500000, 18.500000) (-0.020000, -0.330000): 0.000000 : (0, 0)
particle 7: (11.500000, 2.000000) (0.030000, 0.400000): 0.000000 : (0, 0)

======== Collisions =========
time: part1, part2 / type
17.271454: 5, 6, (particle)
18.508188: 1, 6, (particle)
20.960764: 1, 5, (particle)
23.074875: 3, 7, (particle)
26.396116: 0, 6, (particle)
26.463262: 1, 4, (particle)
28.468606: 2, 7, (particle)
28.907073: 4, 6, (particle)
30.357339: 0, 4, (particle)
31.159080: 3, 4, (particle)
31.974169: 0, 3, (particle)
42.500000: 7, 3, (wall)
44.750301: 2, 1, (wall)
51.743331: 1, 2, (wall)
53.030303: 6, 2, (wall)
53.333333: 5, 0, (wall)
68.000000: 0, 1, (wall)
68.000000: 3, 2, (wall)
75.000000: 4, 3, (wall)
MAX: 1, 2, (particle)
MAX: 2, 6, (particle)
MAX: 2, 5, (particle)
MAX: 1, 7, (particle)
MAX: 2, 3, (particle)
MAX: 2, 4, (particle)
MAX: 0, 1, (particle)
MAX: 0, 2, (particle)
MAX: 0, 5, (particle)
MAX: 0, 7, (particle)
MAX: 1, 3, (particle)
MAX: 3, 5, (particle)
MAX: 3, 6, (particle)
MAX: 4, 5, (particle)
MAX: 4, 7, (particle)
MAX: 5, 7, (particle)
MAX: 6, 7, (particle)



                 TIME = 17.271454

======== Particles =========
particle id: (xpos, ypos) (xvel, yvel): last_update : (cwall, cpart)
particle 0: (2.000000, 2.000000) (0.250000, 0.240000): 0.000000 : (0, 0)
particle 1: (7.100481, 12.700060) (0.300000, -0.310000): 14.001202 : (0, 1)
particle 2: (6.700361, 14.659627) (0.400000, 0.050000): 14.001202 : (0, 1)
particle 3: (19.000000, 18.000000) (-0.220000, -0.250000): 0.000000 : (0, 0)
particle 4: (18.000000, 1.000000) (-0.220000, 0.240000): 0.000000 : (0, 0)
particle 5: (11.818564, 11.690858) (-0.020000, -0.330000): 17.271454 : (0, 1)
particle 6: (10.154571, 12.800420) (-0.300000, 0.040000): 17.271454 : (0, 1)
particle 7: (11.500000, 2.000000) (0.030000, 0.400000): 0.000000 : (0, 0)

======== Collisions =========
time: part1, part2 / type
18.365298: 5, 7, (particle)
22.708083: 1, 5, (particle)
23.074875: 3, 7, (particle)
25.493514: 4, 5, (particle)
26.463262: 1, 4, (particle)
28.468606: 2, 7, (particle)
30.357339: 0, 4, (particle)
31.159080: 3, 4, (particle)
31.974169: 0, 3, (particle)
42.500000: 7, 3, (wall)
44.750301: 2, 1, (wall)
47.786690: 6, 0, (wall)
49.667994: 5, 2, (wall)
51.743331: 1, 2, (wall)
68.000000: 0, 1, (wall)
68.000000: 3, 2, (wall)
75.000000: 4, 3, (wall)
MAX: 5, 6, (particle)
MAX: 1, 6, (particle)
MAX: 0, 6, (particle)
MAX: 4, 6, (particle)
MAX: 1, 2, (particle)
MAX: 2, 6, (particle)
MAX: 2, 5, (particle)
MAX: 1, 7, (particle)
MAX: 2, 3, (particle)
MAX: 2, 4, (particle)
MAX: 0, 1, (particle)
MAX: 0, 2, (particle)
MAX: 0, 5, (particle)
MAX: 0, 7, (particle)
MAX: 1, 3, (particle)
MAX: 3, 5, (particle)
MAX: 3, 6, (particle)
MAX: 4, 7, (particle)
MAX: 6, 7, (particle)

======== Final Particles =========
particle id: (xpos, ypos) (xvel, yvel): last_update : (cwall, cpart)
particle 0: (6.500000, 6.320000) (0.250000, 0.240000): 18.000000 : (0, 0)
particle 1: (8.300120, 11.460433) (0.300000, -0.310000): 18.000000 : (0, 1)
particle 2: (8.299880, 14.859567) (0.400000, 0.050000): 18.000000 : (0, 1)
particle 3: (15.040000, 13.500000) (-0.220000, -0.250000): 18.000000 : (0, 0)
particle 4: (14.040000, 5.320000) (-0.220000, 0.240000): 18.000000 : (0, 0)
particle 5: (11.803993, 11.450438) (-0.020000, -0.330000): 18.000000 : (0, 1)
particle 6: (9.936007, 12.829562) (-0.300000, 0.040000): 18.000000 : (0, 1)
particle 7: (12.040000, 9.200000) (0.030000, 0.400000): 18.000000 : (0, 0)

