Input File: particles_wallsonly.txt
Target Time: 20.000000

======== Legend =========
(type of collisions)
0: left, 1: right, 2: lower, 3: upper


======== Initial Particles =========
particle id: (xpos, ypos) (xvel, yvel): last_update : (cwall, cpart)
particle 0: (2.100000, 5.000000) (-0.200000, -0.150000): 0.000000 : (0, 0)
particle 1: (18.000000, 7.000000) (0.100000, -0.200000): 0.000000 : (0, 0)
particle 2: (12.000000, 3.200000) (0.150000, -0.200000): 0.000000 : (0, 0)
particle 3: (7.000000, 8.500000) (-0.250000, 0.100000): 0.000000 : (0, 0)

======== Collisions =========
time: part1, part2 / type
9.500000: 0, 0, (wall)
13.000000: 3, 3, (wall)
15.000000: 2, 2, (wall)
18.000000: 1, 1, (wall)
MAX: 0, 1, (particle)
MAX: 0, 2, (particle)
MAX: 0, 3, (particle)
MAX: 1, 2, (particle)
MAX: 1, 3, (particle)
MAX: 2, 3, (particle)



                 TIME = 9.500000

======== Particles =========
particle id: (xpos, ypos) (xvel, yvel): last_update : (cwall, cpart)
particle 0: (0.200000, 3.575000) (0.200000, -0.150000): 9.500000 : (1, 0)
particle 1: (18.000000, 7.000000) (0.100000, -0.200000): 0.000000 : (0, 0)
particle 2: (12.000000, 3.200000) (0.150000, -0.200000): 0.000000 : (0, 0)
particle 3: (7.000000, 8.500000) (-0.250000, 0.100000): 0.000000 : (0, 0)

======== Collisions =========
time: part1, part2 / type
13.000000: 3, 3, (wall)
15.000000: 2, 2, (wall)
18.000000: 1, 1, (wall)
32.000000: 0, 2, (wall)
MAX: 0, 1, (particle)
MAX: 0, 2, (particle)
MAX: 0, 3, (particle)
MAX: 1, 2, (particle)
MAX: 1, 3, (particle)
MAX: 2, 3, (particle)



                 TIME = 13.000000

======== Particles =========
particle id: (xpos, ypos) (xvel, yvel): last_update : (cwall, cpart)
particle 0: (0.200000, 3.575000) (0.200000, -0.150000): 9.500000 : (1, 0)
particle 1: (18.000000, 7.000000) (0.100000, -0.200000): 0.000000 : (0, 0)
particle 2: (12.000000, 3.200000) (0.150000, -0.200000): 0.000000 : (0, 0)
particle 3: (3.750000, 9.800000) (-0.250000, -0.100000): 13.000000 : (1, 0)

======== Collisions =========
time: part1, part2 / type
15.000000: 2, 2, (wall)
18.000000: 1, 1, (wall)
27.200000: 3, 0, (wall)
32.000000: 0, 2, (wall)
MAX: 0, 1, (particle)
MAX: 0, 2, (particle)
MAX: 0, 3, (particle)
MAX: 1, 2, (particle)
MAX: 1, 3, (particle)
MAX: 2, 3, (particle)



                 TIME = 15.000000

======== Particles =========
particle id: (xpos, ypos) (xvel, yvel): last_update : (cwall, cpart)
particle 0: (0.200000, 3.575000) (0.200000, -0.150000): 9.500000 : (1, 0)
particle 1: (18.000000, 7.000000) (0.100000, -0.200000): 0.000000 : (0, 0)
particle 2: (14.250000, 0.200000) (0.150000, 0.200000): 15.000000 : (1, 0)
particle 3: (3.750000, 9.800000) (-0.250000, -0.100000): 13.000000 : (1, 0)

======== Collisions =========
time: part1, part2 / type
18.000000: 1, 1, (wall)
27.200000: 3, 0, (wall)
32.000000: 0, 2, (wall)
52.000000: 2, 1, (wall)
MAX: 0, 1, (particle)
MAX: 0, 2, (particle)
MAX: 0, 3, (particle)
MAX: 1, 2, (particle)
MAX: 1, 3, (particle)
MAX: 2, 3, (particle)



                 TIME = 18.000000

======== Particles =========
particle id: (xpos, ypos) (xvel, yvel): last_update : (cwall, cpart)
particle 0: (0.200000, 3.575000) (0.200000, -0.150000): 9.500000 : (1, 0)
particle 1: (19.800000, 3.400000) (-0.100000, -0.200000): 18.000000 : (1, 0)
particle 2: (14.250000, 0.200000) (0.150000, 0.200000): 15.000000 : (1, 0)
particle 3: (3.750000, 9.800000) (-0.250000, -0.100000): 13.000000 : (1, 0)

======== Collisions =========
time: part1, part2 / type
27.200000: 3, 0, (wall)
32.000000: 0, 2, (wall)
34.000000: 1, 2, (wall)
52.000000: 2, 1, (wall)
MAX: 0, 1, (particle)
MAX: 0, 2, (particle)
MAX: 0, 3, (particle)
MAX: 1, 2, (particle)
MAX: 1, 3, (particle)
MAX: 2, 3, (particle)

======== Final Particles =========
particle id: (xpos, ypos) (xvel, yvel): last_update : (cwall, cpart)
particle 0: (2.300000, 2.000000) (0.200000, -0.150000): 20.000000 : (1, 0)
particle 1: (19.600000, 3.000000) (-0.100000, -0.200000): 20.000000 : (1, 0)
particle 2: (15.000000, 1.200000) (0.150000, 0.200000): 20.000000 : (1, 0)
particle 3: (2.000000, 9.100000) (-0.250000, -0.100000): 20.000000 : (1, 0)

